// Jest Snapshot v1, https://goo.gl/fbAQLP

exports[`ToggleBadge selected ToggleBadge renders with default props 1`] = `
<DocumentFragment>
  .c0 {
  font-family: 'Montserrat','Helvetica Neue',Helvetica,Arial,sans-serif;
  line-height: 1.4;
  font-weight: 500;
}

.c0 * {
  box-sizing: border-box;
}

.c1 {
  border-radius: 2px;
  border: 0;
  display: inline-block;
  font-weight: 700;
  font-family: inherit;
  cursor: pointer;
  background-color: #e8f2ff;
  color: #0068ef;
  border-radius: 9999px;
  padding-left: 8px;
  padding-right: 8px;
  padding-top: 4px;
  padding-bottom: 4px;
  margin-left: 4px;
  margin-right: 4px;
  margin-top: 4px;
  margin-bottom: 4px;
  font-size: 12px;
}

.c1:hover {
  background-color: #e8f2ff;
}

<div
    class="c0"
  >
    <button
      class="c1"
      color="primary"
      font-size="0"
    />
  </div>
</DocumentFragment>
`;
