// Jest Snapshot v1, https://goo.gl/fbAQLP

exports[`Card renders 1`] = `
<DocumentFragment>
  .c0 {
  font-family: 'Montserrat','Helvetica Neue',Helvetica,Arial,sans-serif;
  line-height: 1.4;
  font-weight: 500;
}

.c0 * {
  box-sizing: border-box;
}

.c1 {
  border-radius: 2px;
}

.c2 {
  border-width: 0;
  border-color: 0;
}

<div
    class="c0"
  >
    <div
      class="c1 c2"
    />
  </div>
</DocumentFragment>
`;
