// Jest Snapshot v1, https://goo.gl/fbAQLP

exports[`BlockLink renders 1`] = `
.c0 {
  -webkit-font-smoothing: antialiased;
  display: inline-block;
  vertical-align: middle;
  text-align: center;
  -webkit-text-decoration: none;
  text-decoration: none;
  font-family: inherit;
  font-weight: 600;
  line-height: 1.5;
  cursor: pointer;
  border-radius: 2px;
  border-width: 0;
  border-style: solid;
  font-size: 14px;
  padding: 9.5px 18px;
  display: block;
  color: inherit;
  -webkit-text-decoration: none;
  text-decoration: none;
}

.c0:disabled {
  cursor: not-allowed;
  color: #4f6f8f;
  background-color: #edf0f3;
}

<a
  className="c0"
>
  raw text
</a>
`;
