// Jest Snapshot v1, https://goo.gl/fbAQLP

exports[`Heading Heading component using <Text> component properties 1`] = `
.c0 {
  color: #4f6f8f;
  text-align: center;
}

<h3
  className="c0"
  color="gray"
/>
`;

exports[`Heading Heading component with h1-h6 dot-notation 1`] = `
<h1
  className=""
/>
`;

exports[`Heading Heading component with h1-h6 dot-notation 2`] = `
<h2
  className=""
/>
`;

exports[`Heading Heading component with h1-h6 dot-notation 3`] = `
<h3
  className=""
/>
`;

exports[`Heading Heading component with h1-h6 dot-notation 4`] = `
<h4
  className=""
/>
`;

exports[`Heading Heading component with h1-h6 dot-notation 5`] = `
<h5
  className=""
/>
`;

exports[`Heading Heading component with h1-h6 dot-notation 6`] = `
<h6
  className=""
/>
`;

exports[`Heading Heading component with no default font size, when "fontSize" prop not used 1`] = `
<h3
  className=""
/>
`;

exports[`Heading renders 1`] = `
<h3
  className=""
/>
`;
