// Jest Snapshot v1, https://goo.gl/fbAQLP

exports[`Absolute renders with approprite styles to display offscreen 1`] = `
.c0 {
  position: absolute;
  overflow: hidden;
  -webkit-clip: rect(0 0 0 0);
  clip: rect(0 0 0 0);
  height: 1px;
  width: 1px;
  margin: -1px;
  padding: 0;
  border: 0;
}

<span
  className="c0"
/>
`;
