// Jest Snapshot v1, https://goo.gl/fbAQLP

exports[`BlockLink renders 1`] = `
.c0 {
  font-family: 'Montserrat','Helvetica Neue',Helvetica,Arial,sans-serif;
  line-height: 1.4;
  font-weight: 500;
}

.c0 * {
  box-sizing: border-box;
}

.c1 {
  cursor: pointer;
  -webkit-text-decoration: none;
  text-decoration: none;
  color: #0068ef;
}

.c1:hover {
  color: #049;
  -webkit-text-decoration: underline;
  text-decoration: underline;
}

.c2 {
  display: block;
  color: inherit;
  -webkit-text-decoration: none;
  text-decoration: none;
}

<div
  className="c0"
>
  <a
    className="c1 c2"
    color="primary"
    rel={null}
    size="medium"
  >
    raw text
  </a>
</div>
`;
