// Jest Snapshot v1, https://goo.gl/fbAQLP

exports[`ModalHeader render 1`] = `
.c9 {
  -webkit-flex: none;
  -ms-flex: none;
  flex: none;
}

.c8 {
  outline: none;
}

.c3 {
  padding-left: 16px;
  padding-right: 16px;
  background-color: #0a0;
  color: #fff;
}

.c2 {
  display: -webkit-box;
  display: -webkit-flex;
  display: -ms-flexbox;
  display: flex;
  -webkit-align-items: center;
  -webkit-box-align: center;
  -ms-flex-align: center;
  align-items: center;
}

.c4 {
  font-size: 14px;
  font-weight: 700;
}

.c7 {
  -webkit-font-smoothing: antialiased;
  display: inline-block;
  vertical-align: middle;
  text-align: center;
  -webkit-text-decoration: none;
  text-decoration: none;
  font-family: inherit;
  font-weight: 600;
  line-height: 1.5;
  cursor: pointer;
  border-radius: 2px;
  border-width: 0;
  border-style: solid;
  font-size: 14px;
  padding: 9.5px 18px;
  margin-left: auto;
  background-color: #007aff;
  color: #fff;
}

.c7:hover {
  background-color: #049;
  color: #fff;
}

.c6 {
  padding: 0;
  background-color: transparent;
  color: inherit;
}

.c6:hover {
  background-color: transparent;
  color: inherit;
}

.c6 > div {
  display: -webkit-box;
  display: -webkit-flex;
  display: -ms-flexbox;
  display: flex;
}

.c0 {
  font-family: 'Montserrat','Helvetica Neue',Helvetica,Arial,sans-serif;
  line-height: 1.4;
  font-weight: 500;
}

.c0 * {
  box-sizing: border-box;
}

.c1 {
  height: 40px;
}

.c5 svg {
  vertical-align: top;
}

.c5:focus {
  background-color: #049;
  outline: none;
}

<div
  class="c0"
>
  <div
    class="c1 c2 c3"
    color="white"
  >
    <div
      class="c4"
      font-size="1"
    >
      test
    </div>
    <button
      class="c5 c6 c7"
      color="primary"
      title="close"
    >
      <div>
        <svg
          aria-hidden="true"
          class="c8 c9"
          fill="currentcolor"
          focusable="false"
          height="24"
          role="img"
          tabindex="-1"
          viewBox="0 0 24 24"
          width="24"
        >
          <path
            d="M19 6.4L17.6 5 12 10.6 6.4 5 5 6.4l5.6 5.6L5 17.6 6.4 19l5.6-5.6 5.6 5.6 1.4-1.4-5.6-5.6L19 6.4z"
          />
        </svg>
      </div>
    </button>
  </div>
</div>
`;

exports[`SmallModalHeader render 1`] = `
.c2 {
  background-color: #0a0;
}

.c0 {
  font-family: 'Montserrat','Helvetica Neue',Helvetica,Arial,sans-serif;
  line-height: 1.4;
  font-weight: 500;
}

.c0 * {
  box-sizing: border-box;
}

.c1 {
  height: 8px;
}

<div
  class="c0"
>
  <div
    class="c1 c2"
  />
</div>
`;
