// Jest Snapshot v1, https://goo.gl/fbAQLP

exports[`CloseButton renders without props 1`] = `
.c2 {
  -webkit-flex: none;
  -ms-flex: none;
  flex: none;
}

.c1 {
  -webkit-font-smoothing: antialiased;
  display: inline-block;
  vertical-align: middle;
  text-align: center;
  -webkit-text-decoration: none;
  text-decoration: none;
  font-family: inherit;
  font-weight: 600;
  cursor: pointer;
  border-radius: 2px;
  background-color: #007aff;
  color: #fff;
  border-width: 0;
  border-style: solid;
  height: 40px;
  font-size: 14px;
  padding: 0 18px;
}

.c1:disabled {
  opacity: 0.25;
}

.c1:hover {
  background-color: #049;
}

.c0 {
  padding: 0;
  height: auto;
  background-color: transparent;
  color: inherit;
}

.c0:hover {
  background-color: transparent;
}

<button
  className="c0 c1"
  style={
    Object {
      "height": "24px",
    }
  }
  title="close"
>
  <svg
    className="c2"
    color={undefined}
    fill="currentcolor"
    height={24}
    theme={
      Object {
        "bold": 600,
        "boxShadows": Array [
          "0 0 2px 0 rgba(0,0,0,.08),0 1px 4px 0 rgba(0,0,0,.16)",
          "0 0 2px 0 rgba(0,0,0,.08),0 2px 8px 0 rgba(0,0,0,.16)",
          "0 0 2px 0 rgba(0,0,0,.08),0 4px 16px 0 rgba(0,0,0,.16)",
          "0 0 2px 0 rgba(0,0,0,.08),0 8px 32px 0 rgba(0,0,0,.16)",
        ],
        "breakpoints": Array [
          32,
          40,
          48,
          64,
        ],
        "colors": Object {
          "black": "#000",
          "blue": "#007aff",
          "blue0": "#cdf",
          "blue1": "#cdf",
          "blue2": "#007aff",
          "blue3": "#007aff",
          "blues": Array [
            "#cdf",
            "#cdf",
            "#007aff",
            "#007aff",
          ],
          "borderGray": "#d1d6db",
          "darkBlue": "#049",
          "darkGray": "#364049",
          "darkGreen": "#060",
          "darkOrange": "#a50",
          "darkPurple": "#407",
          "darkRed": "#800",
          "gray": "#687B8E",
          "gray0": "#f6f8fa",
          "gray1": "#f6f8fa",
          "gray2": "#687B8E",
          "gray3": "#687B8E",
          "green": "#0a0",
          "green0": "#cec",
          "green1": "#cec",
          "green2": "#0a0",
          "green3": "#0a0",
          "greens": Array [
            "#cec",
            "#cec",
            "#0a0",
            "#0a0",
          ],
          "lightBlue": "#cdf",
          "lightGray": "#f6f8fa",
          "lightGreen": "#cec",
          "lightOrange": "#feb",
          "lightPurple": "#ecf",
          "lightRed": "#fcc",
          "orange": "#fa0",
          "orange0": "#feb",
          "orange1": "#feb",
          "orange2": "#fa0",
          "orange3": "#fa0",
          "oranges": Array [
            "#feb",
            "#feb",
            "#fa0",
            "#fa0",
          ],
          "purple": "#70b",
          "purple0": "#ecf",
          "purple1": "#ecf",
          "purple2": "#70b",
          "purple3": "#70b",
          "purples": Array [
            "#ecf",
            "#ecf",
            "#70b",
            "#70b",
          ],
          "red": "#c00",
          "red0": "#fcc",
          "red1": "#fcc",
          "red2": "#c00",
          "red3": "#c00",
          "reds": Array [
            "#fcc",
            "#fcc",
            "#c00",
            "#c00",
          ],
          "text": "#001833",
          "white": "#fff",
        },
        "font": "'Montserrat','Helvetica Neue',Helvetica,Arial,sans-serif",
        "fontSizes": Array [
          12,
          14,
          16,
          20,
          24,
          32,
          48,
        ],
        "fontWeights": Object {
          "bold": 600,
          "regular": 400,
        },
        "maxContainerWidth": "1280px",
        "mediaQueries": Array [
          "@media screen and (min-width:32em)",
          "@media screen and (min-width:40em)",
          "@media screen and (min-width:48em)",
          "@media screen and (min-width:64em)",
        ],
        "radii": Array [
          0,
          2,
          6,
        ],
        "radius": "2px",
        "regular": 400,
        "space": Array [
          0,
          4,
          8,
          16,
          32,
          64,
          128,
        ],
      }
    }
    viewBox="0 0 24 24"
    width={24}
  >
    <path
      d="M19,6.4L17.6,5L12,10.6L6.4,5L5,6.4l5.6,5.6L5,17.6L6.4,19l5.6-5.6l5.6,5.6l1.4-1.4L13.4,12L19,6.4z"
    />
  </svg>
</button>
`;
