// Jest Snapshot v1, https://goo.gl/fbAQLP

exports[`Heading Heading component using <Text> component properties 1`] = `
.c0 {
  font-size: 24px;
  font-weight: 700;
  text-align: center;
  line-height: 1.25;
  margin: 0px;
  color: #687B8E;
}

<h3
  className="c0"
  color="#687B8E"
  fontSize={4}
  fontWeight="bold"
/>
`;

exports[`Heading Heading component with default theme font size, when "fontSize" prop not used 1`] = `
.c0 {
  font-size: 24px;
  font-weight: 700;
  line-height: 1.25;
  margin: 0px;
}

<h3
  className="c0"
  fontSize={4}
  fontWeight="bold"
/>
`;

exports[`Heading Heading component with h1-h6 dot-notation 1`] = `
.c0 {
  font-size: 24px;
  font-weight: 700;
  line-height: 1.25;
  margin: 0px;
}

<h1
  className="c0"
  fontSize={4}
  fontWeight="bold"
/>
`;

exports[`Heading Heading component with h1-h6 dot-notation 2`] = `
.c0 {
  font-size: 24px;
  font-weight: 700;
  line-height: 1.25;
  margin: 0px;
}

<h2
  className="c0"
  fontSize={4}
  fontWeight="bold"
/>
`;

exports[`Heading Heading component with h1-h6 dot-notation 3`] = `
.c0 {
  font-size: 24px;
  font-weight: 700;
  line-height: 1.25;
  margin: 0px;
}

<h3
  className="c0"
  fontSize={4}
  fontWeight="bold"
/>
`;

exports[`Heading Heading component with h1-h6 dot-notation 4`] = `
.c0 {
  font-size: 24px;
  font-weight: 700;
  line-height: 1.25;
  margin: 0px;
}

<h4
  className="c0"
  fontSize={4}
  fontWeight="bold"
/>
`;

exports[`Heading Heading component with h1-h6 dot-notation 5`] = `
.c0 {
  font-size: 24px;
  font-weight: 700;
  line-height: 1.25;
  margin: 0px;
}

<h5
  className="c0"
  fontSize={4}
  fontWeight="bold"
/>
`;

exports[`Heading Heading component with h1-h6 dot-notation 6`] = `
.c0 {
  font-size: 24px;
  font-weight: 700;
  line-height: 1.25;
  margin: 0px;
}

<h6
  className="c0"
  fontSize={4}
  fontWeight="bold"
/>
`;

exports[`Heading renders 1`] = `
.c0 {
  font-size: 24px;
  font-weight: 700;
  line-height: 1.25;
  margin: 0px;
}

<h3
  className="c0"
  fontSize={4}
  fontWeight="bold"
/>
`;
