// Jest Snapshot v1, https://goo.gl/fbAQLP

exports[`Select renders 1`] = `
.c0 {
  display: -webkit-box;
  display: -webkit-flex;
  display: -ms-flexbox;
  display: flex;
  -webkit-align-items: center;
  -webkit-box-align: center;
  -ms-flex-align: center;
  align-items: center;
}

.c2 {
  -webkit-flex: none;
  -ms-flex: none;
  flex: none;
  margin-left: -32px;
  color: #687B8E;
  pointer-events: none;
}

.c1 {
  -webkit-appearance: none;
  -moz-appearance: none;
  appearance: none;
  display: block;
  width: 100%;
  font-family: inherit;
  color: inherit;
  background-color: transparent;
  border-radius: 2px;
  border-width: 1px;
  border-style: solid;
  border-color: #d1d6db;
  margin: 0px;
  padding-left: 12px;
  padding-right: 32px;
  padding-top: 14px;
  padding-bottom: 14px;
  font-size: 14px;
}

.c1:focus {
  outline: none;
  border-color: #007aff;
  box-shadow: 0 0 0 1px #007aff;
}

<div
  className="c0"
>
  <select
    className="c1"
    fontSize={1}
  />
  <svg
    className="c2"
    color="gray"
    fill="currentcolor"
    height={24}
    theme={
      Object {
        "bold": 600,
        "boxShadows": Array [
          "0 0 2px 0 rgba(0,0,0,.08),0 1px 4px 0 rgba(0,0,0,.16)",
          "0 0 2px 0 rgba(0,0,0,.08),0 2px 8px 0 rgba(0,0,0,.16)",
          "0 0 2px 0 rgba(0,0,0,.08),0 4px 16px 0 rgba(0,0,0,.16)",
          "0 0 2px 0 rgba(0,0,0,.08),0 8px 32px 0 rgba(0,0,0,.16)",
        ],
        "breakpoints": Array [
          32,
          40,
          48,
          64,
        ],
        "colors": Object {
          "black": "#000",
          "blue": "#007aff",
          "blue0": "#cdf",
          "blue1": "#cdf",
          "blue2": "#007aff",
          "blue3": "#007aff",
          "blues": Array [
            "#cdf",
            "#cdf",
            "#007aff",
            "#007aff",
          ],
          "borderGray": "#d1d6db",
          "darkBlue": "#049",
          "darkGray": "#364049",
          "darkGreen": "#060",
          "darkOrange": "#a50",
          "darkPurple": "#407",
          "darkRed": "#800",
          "gray": "#687B8E",
          "gray0": "#f6f8fa",
          "gray1": "#f6f8fa",
          "gray2": "#687B8E",
          "gray3": "#687B8E",
          "green": "#0a0",
          "green0": "#cec",
          "green1": "#cec",
          "green2": "#0a0",
          "green3": "#0a0",
          "greens": Array [
            "#cec",
            "#cec",
            "#0a0",
            "#0a0",
          ],
          "lightBlue": "#cdf",
          "lightGray": "#f6f8fa",
          "lightGreen": "#cec",
          "lightOrange": "#feb",
          "lightPurple": "#ecf",
          "lightRed": "#fcc",
          "orange": "#fa0",
          "orange0": "#feb",
          "orange1": "#feb",
          "orange2": "#fa0",
          "orange3": "#fa0",
          "oranges": Array [
            "#feb",
            "#feb",
            "#fa0",
            "#fa0",
          ],
          "purple": "#70b",
          "purple0": "#ecf",
          "purple1": "#ecf",
          "purple2": "#70b",
          "purple3": "#70b",
          "purples": Array [
            "#ecf",
            "#ecf",
            "#70b",
            "#70b",
          ],
          "red": "#c00",
          "red0": "#fcc",
          "red1": "#fcc",
          "red2": "#c00",
          "red3": "#c00",
          "reds": Array [
            "#fcc",
            "#fcc",
            "#c00",
            "#c00",
          ],
          "text": "#001833",
          "white": "#fff",
        },
        "font": "'Montserrat','Helvetica Neue',Helvetica,Arial,sans-serif",
        "fontSizes": Array [
          12,
          14,
          16,
          20,
          24,
          32,
          48,
        ],
        "fontWeights": Object {
          "bold": 600,
          "regular": 400,
        },
        "maxContainerWidth": "1280px",
        "mediaQueries": Array [
          "@media screen and (min-width:32em)",
          "@media screen and (min-width:40em)",
          "@media screen and (min-width:48em)",
          "@media screen and (min-width:64em)",
        ],
        "radii": Array [
          0,
          2,
          6,
        ],
        "radius": "2px",
        "regular": 400,
        "space": Array [
          0,
          4,
          8,
          16,
          32,
          64,
          128,
        ],
      }
    }
    viewBox="0 0 24 24"
    width={24}
  >
    <path
      d="M7.4,8l4.6,4.6L16.6,8L18,9.4l-6,6l-6-6L7.4,8z"
    />
  </svg>
</div>
`;
