// Jest Snapshot v1, https://goo.gl/fbAQLP

exports[`theme snapshot 1`] = `
Object {
  "bold": 700,
  "borderRadii": Object {
    "2xl": "24px",
    "3xl": "32px",
    "action-lg": "2px",
    "action-md": "2px",
    "action-sm": "2px",
    "action-xl": "2px",
    "full": "9999px",
    "lg": "2px",
    "md": "2px",
    "none": "none",
    "sm": "2px",
    "xl": "6px",
    "xsm": "2px",
  },
  "boxShadows": Array [
    "0 0 2px 0 rgba(0,0,0,.08),0 1px 4px 0 rgba(0,0,0,.16)",
    "0 0 2px 0 rgba(0,0,0,.08),0 2px 8px 0 rgba(0,0,0,.16)",
    "0 0 2px 0 rgba(0,0,0,.08),0 4px 16px 0 rgba(0,0,0,.16)",
    "0 0 2px 0 rgba(0,0,0,.08),0 8px 32px 0 rgba(0,0,0,.16)",
  ],
  "breakpoints": Array [
    "32em",
    "40em",
    "48em",
    "64em",
    "80em",
  ],
  "colorStyles": Object {
    "blueOnLightBlue": Object {
      "backgroundColor": "#e8f2ff",
      "color": "#0068ef",
    },
    "blueOnWhite": Object {
      "backgroundColor": "#fff",
      "color": "#0068ef",
    },
    "danger": Object {
      "backgroundColor": "#c00",
      "color": "#fff",
    },
    "grayOnWhite": Object {
      "backgroundColor": "#fff",
      "color": "#4f6f8f",
    },
    "greenOnLightGreen": Object {
      "backgroundColor": "#ecf7ec",
      "color": "#0a0",
    },
    "greenOnWhite": Object {
      "backgroundColor": "#fff",
      "color": "#0a0",
    },
    "info": Object {
      "backgroundColor": "#f4f6f8",
      "color": "#001833",
    },
    "purpleOnLightPurple": Object {
      "backgroundColor": "#f5ebfa",
      "color": "#70b",
    },
    "purpleOnWhite": Object {
      "backgroundColor": "#fff",
      "color": "#70b",
    },
    "redOnLightRed": Object {
      "backgroundColor": "#fbebeb",
      "color": "#c00",
    },
    "redOnWhite": Object {
      "backgroundColor": "#fff",
      "color": "#c00",
    },
    "success": Object {
      "backgroundColor": "#0a0",
      "color": "#fff",
    },
    "textOnLightGray": Object {
      "backgroundColor": "#f4f6f8",
      "color": "#001833",
    },
    "textOnOrange": Object {
      "backgroundColor": "#f68013",
      "color": "#001833",
    },
    "textOnWhite": Object {
      "backgroundColor": "#fff",
      "color": "#001833",
    },
    "warning": Object {
      "backgroundColor": "#f68013",
      "color": "#001833",
    },
    "whiteOnBlue": Object {
      "backgroundColor": "#0068ef",
      "color": "#fff",
    },
    "whiteOnDarkOrange": Object {
      "backgroundColor": "#f06f20",
      "color": "#fff",
    },
    "whiteOnGray": Object {
      "backgroundColor": "#4f6f8f",
      "color": "#fff",
    },
    "whiteOnGreen": Object {
      "backgroundColor": "#0a0",
      "color": "#fff",
    },
    "whiteOnPurple": Object {
      "backgroundColor": "#70b",
      "color": "#fff",
    },
    "whiteOnRed": Object {
      "backgroundColor": "#c00",
      "color": "#fff",
    },
    "whiteOnText": Object {
      "backgroundColor": "#001833",
      "color": "#fff",
    },
  },
  "colors": Object {
    "background": "#edf0f3",
    "black": "#000",
    "blue": "#0068ef",
    "border": "#c0cad5",
    "borderGray": "#c0cad5",
    "buttonGray": "#edf0f3",
    "darkBackground": "#4f6f8f",
    "darkBlue": "#049",
    "darkBorder": "#5e6872",
    "darkGray": "#364049",
    "darkGreen": "#060",
    "darkHighlight": "#2e9000",
    "darkOrange": "#f06f20",
    "darkPink": "#9e1f4b",
    "darkPurple": "#530083",
    "darkRed": "#800",
    "darkText": "#001023",
    "darkYellow": "#806e0e",
    "darkestBackground": "#001833",
    "gray": "#4f6f8f",
    "green": "#0a0",
    "headingText": "#003c8a",
    "highlight": "#8cdd36",
    "lightBackground": "#f4f6f8",
    "lightBlue": "#e8f2ff",
    "lightBorder": "#eceff2",
    "lightGray": "#f4f6f8",
    "lightGreen": "#ecf7ec",
    "lightHighlight": "#d0f1ac",
    "lightOrange": "#fef2e7",
    "lightPink": "#fff0f5",
    "lightPurple": "#f5ebfa",
    "lightRed": "#fbebeb",
    "lightText": "#4f6f8f",
    "lightYellow": "#fff3c0",
    "lightestBackground": "#fff",
    "lightestText": "#fff",
    "orange": "#f68013",
    "pink": "#fe3e81",
    "purple": "#70b",
    "red": "#c00",
    "shadeBackground": "#354b60",
    "shadeBlue": "#002f6d",
    "shadeBorder": "#1a1d20",
    "shadeGreen": "#040",
    "shadeHighlight": "#017000",
    "shadeOrange": "#923800",
    "shadePink": "#701b39",
    "shadePurple": "#410067",
    "shadeRed": "#6d0000",
    "shadeYellow": "#665811",
    "text": "#001833",
    "tintBackground": "#d5dce4",
    "tintBlue": "#99c3f9",
    "tintBorder": "#e0e5ea",
    "tintGreen": "#80d580",
    "tintHighlight": "#b9ea85",
    "tintOrange": "#faaf69",
    "tintPink": "#ffa0c4",
    "tintPurple": "#c28ce0",
    "tintRed": "#eb9999",
    "tintText": "#3f5972",
    "tintYellow": "#fee875",
    "toneBackground": "#879db3",
    "toneBlue": "#0055c4",
    "toneBorder": "#868d95",
    "toneGreen": "#080",
    "toneHighlight": "#66be20",
    "toneOrange": "#b74600",
    "tonePink": "#d02962",
    "tonePurple": "#5f0096",
    "toneRed": "#b80000",
    "toneYellow": "#cbb022",
    "white": "#fff",
    "yellow": "#fedc2a",
  },
  "duration": Object {
    "duration-100": "100ms",
    "duration-200": "200ms",
    "duration-250": "250ms",
    "duration-300": "300ms",
    "duration-450": "450ms",
    "fast": "150ms",
    "normal": "300ms",
    "slow": "450ms",
    "slowest": "600ms",
  },
  "font": "'Montserrat','Helvetica Neue',Helvetica,Arial,sans-serif",
  "fontSizes": Array [
    12,
    14,
    16,
    20,
    24,
    32,
    40,
    56,
    72,
  ],
  "fontWeights": Object {
    "bold": 700,
    "medium": 500,
    "regular": 500,
  },
  "letterSpacings": Object {
    "caps": "0.025em",
    "normal": "normal",
  },
  "lineHeights": Object {
    "display": 1.25,
    "standard": 1.4,
  },
  "maxContainerWidth": "1280px",
  "mediaQueries": Array [
    "@media screen and (min-width:32em)",
    "@media screen and (min-width:40em)",
    "@media screen and (min-width:48em)",
    "@media screen and (min-width:64em)",
    "@media screen and (min-width:80em)",
  ],
  "opacity": Object {
    "opacity-0": 0,
    "opacity-10": 0.1,
    "opacity-100": 1,
    "opacity-20": 0.2,
    "opacity-30": 0.3,
    "opacity-40": 0.4,
    "opacity-50": 0.5,
    "opacity-60": 0.6,
    "opacity-70": 0.7,
    "opacity-80": 0.8,
    "opacity-90": 0.9,
  },
  "radii": Array [
    0,
    2,
    6,
  ],
  "radius": "2px",
  "regular": 500,
  "scale": Object {
    "scale-0": 0,
    "scale-10": 0.1,
    "scale-100": 1,
    "scale-2": 0.02,
    "scale-20": 0.2,
    "scale-30": 0.3,
    "scale-40": 0.4,
    "scale-50": 0.5,
    "scale-6": 0.06,
    "scale-60": 0.6,
    "scale-70": 0.7,
    "scale-8": 0.08,
    "scale-80": 0.8,
    "scale-90": 0.9,
  },
  "shadows": Object {
    "2xl": "0 4px 12px 0 rgba(0,0,0,0.16),0 12px 12px -4px rgba(0,0,0,0.16),0 24px 64px -2px rgba(0,0,0,0.16)",
    "lg": "0 1px 4px 0 rgba(0,0,0,0.2),0 6px 4px -4px rgba(0,0,0,0.12),0 8px 16px -1px rgba(0,0,0,0.16)",
    "md": "0 0 2px 0 rgba(0,0,0,0.2),0 4px 2px -2px rgba(0,0,0,0.12),0 4px 8px -1px rgba(0,0,0,0.16)",
    "overlay-lg": "0 8px 32px 0 rgba(0,0,0,0.24),0 8px 16px 0 rgba(0,0,0,0.2),0 24px 64px 0 rgba(0,0,0,0.2)",
    "overlay-xl": "0 24px 72px 0 rgba(0,0,0,0.48),0 8px 16px 0 rgba(0,0,0,0.12),0 24px 64px 0 rgba(0,0,0,0.2)",
    "sm": "0 0 1px 0 rgba(0,0,0,0.24),0 2px 1px -1px rgba(0,0,0,0.16),0 2px 4px 0 rgba(0,0,0,0.12)",
    "xl": "0 2px 8px 0 rgba(0,0,0,0.16),0 10px 8px -5px rgba(0,0,0,0.16),0 12px 32px -2px rgba(0,0,0,0.16)",
  },
  "space": Array [
    0,
    4,
    8,
    16,
    32,
    64,
    128,
  ],
  "textShadows": Object {
    "md": "0 2px 4px rgba(0,0,0,0.5)",
    "sm": "0 1px 2px rgba(0,0,0,0.5)",
  },
  "textStyles": Object {
    "body0": Object {
      "fontSize": "12px",
      "fontWeight": 500,
      "lineHeight": 1.4,
    },
    "body1": Object {
      "fontSize": "14px",
      "fontWeight": 500,
      "lineHeight": 1.4,
    },
    "body2": Object {
      "fontSize": "16px",
      "fontWeight": 500,
      "lineHeight": 1.4,
    },
    "display0": Object {
      "fontSize": "12px",
      "fontWeight": 700,
      "letterSpacing": "0.025em",
      "lineHeight": 1.25,
      "textTransform": "uppercase",
    },
    "display1": Object {
      "fontSize": "14px",
      "fontWeight": 700,
      "lineHeight": 1.25,
    },
    "display2": Object {
      "fontSize": "16px",
      "fontWeight": 700,
      "lineHeight": 1.25,
    },
    "display3": Object {
      "fontSize": "20px",
      "fontWeight": 700,
      "lineHeight": 1.25,
    },
    "display4": Object {
      "fontSize": "24px",
      "fontWeight": 700,
      "lineHeight": 1.25,
    },
    "display5": Object {
      "fontSize": "32px",
      "fontWeight": 700,
      "lineHeight": 1.25,
    },
    "display6": Object {
      "fontSize": "40px",
      "fontWeight": 700,
      "lineHeight": 1.25,
    },
    "display7": Object {
      "fontSize": "56px",
      "fontWeight": 700,
      "lineHeight": 1.25,
    },
    "display8": Object {
      "fontSize": "72px",
      "fontWeight": 700,
      "lineHeight": 1.25,
    },
    "small": Object {
      "fontSize": "10px",
      "fontWeight": 700,
      "lineHeight": 1.4,
    },
  },
  "timingFunctions": Object {
    "easeIn": "cubic-bezier(0.5, 0, 1, 1)",
    "easeInOut": "cubic-bezier(0.5, 0, 0.25, 1)",
    "easeOut": "cubic-bezier(0, 0, 0.25, 1)",
    "entrance-expressive": "cubic-bezier(0, 0, 0.3, 1)",
    "entrance-productive": "cubic-bezier(0, 0, 0.38, 0.9)",
    "exit-expressive": "cubic-bezier(0.4, 0.14, 1, 1)",
    "exit-productive": "cubic-bezier(0.2, 0, 1, 0.9)",
    "standard-expressive": "cubic-bezier(0.4, 0.14, 0.3, 1)",
    "standard-productive": "cubic-bezier(0.2, 0, 0.38, 0.9)",
  },
  "transitionDelays": Object {
    "large": "260ms",
    "medium": "160ms",
    "small": "60ms",
    "xLarge": "360ms",
  },
  "typography": Object {
    "article": Object {
      "fontSize": "16px",
      "fontWeight": 500,
      "letterSpacing": "-0.006rem",
      "lineHeight": "28px",
    },
    "articleBold": Object {
      "fontSize": "16px",
      "fontWeight": 700,
      "letterSpacing": "-0.006rem",
      "lineHeight": "28px",
    },
    "caption": Object {
      "fontSize": "12px",
      "fontWeight": 500,
      "letterSpacing": "0.006rem",
      "lineHeight": "16px",
    },
    "captionBold": Object {
      "fontSize": "12px",
      "fontWeight": 700,
      "letterSpacing": "0.006rem",
      "lineHeight": "16px",
    },
    "disclaimer": Object {
      "fontSize": "11px",
      "fontWeight": 500,
      "letterSpacing": "0.013rem",
      "lineHeight": "16px",
    },
    "disclaimerBold": Object {
      "fontSize": "11px",
      "fontWeight": 700,
      "letterSpacing": "0.013rem",
      "lineHeight": "16px",
    },
    "heading1": Object {
      "fontSize": "40px",
      "fontWeight": 700,
      "lineHeight": "48px",
    },
    "heading2": Object {
      "fontSize": "32px",
      "fontWeight": 700,
      "lineHeight": "40px",
    },
    "heading3": Object {
      "fontSize": "26px",
      "fontWeight": 700,
      "lineHeight": "32px",
    },
    "heading4": Object {
      "fontSize": "20px",
      "fontWeight": 700,
      "lineHeight": "24px",
    },
    "heading5": Object {
      "fontSize": "16px",
      "fontWeight": 700,
      "lineHeight": "20px",
    },
    "heading6": Object {
      "fontSize": "14px",
      "fontWeight": 700,
      "lineHeight": "16px",
    },
    "highlight": Object {
      "caps": true,
      "fontSize": "10px",
      "fontWeight": 500,
      "letterSpacing": "0.013rem",
      "lineHeight": "12px",
      "textTransform": "uppercase",
    },
    "highlightBold": Object {
      "caps": true,
      "fontSize": "10px",
      "fontWeight": 700,
      "letterSpacing": "0.013rem",
      "lineHeight": "12px",
      "textTransform": "uppercase",
    },
    "overline": Object {
      "fontSize": "12px",
      "fontWeight": 700,
      "letterSpacing": "0.063rem",
      "lineHeight": "16px",
    },
    "overlineMedium": Object {
      "fontSize": "12px",
      "fontWeight": 500,
      "letterSpacing": "0.063rem",
      "lineHeight": "16px",
    },
    "paragraph": Object {
      "fontSize": "14px",
      "fontWeight": 500,
      "letterSpacing": "-0.003rem",
      "lineHeight": "20px",
    },
    "paragraph2": Object {
      "fontSize": "16px",
      "fontWeight": 500,
      "letterSpacing": "-0.004rem",
      "lineHeight": "24px",
    },
    "paragraph2Bold": Object {
      "fontSize": "16px",
      "fontWeight": 700,
      "letterSpacing": "-0.004rem",
      "lineHeight": "24px",
    },
    "paragraphBold": Object {
      "fontSize": "14px",
      "fontWeight": 700,
      "letterSpacing": "-0.003rem",
      "lineHeight": "20px",
    },
    "subheading1": Object {
      "fontSize": "40px",
      "fontWeight": 500,
      "lineHeight": "48px",
    },
    "subheading2": Object {
      "fontSize": "32px",
      "fontWeight": 500,
      "lineHeight": "40px",
    },
    "subheading3": Object {
      "fontSize": "26px",
      "fontWeight": 500,
      "lineHeight": "32px",
    },
    "subheading4": Object {
      "fontSize": "20px",
      "fontWeight": 500,
      "lineHeight": "24px",
    },
    "subheading5": Object {
      "fontSize": "16px",
      "fontWeight": 500,
      "lineHeight": "20px",
    },
    "subheading6": Object {
      "fontSize": "14px",
      "fontWeight": 500,
      "lineHeight": "16px",
    },
    "subtitle1": Object {
      "fontSize": "52px",
      "fontWeight": 500,
      "lineHeight": "64px",
    },
    "title1": Object {
      "fontSize": "80px",
      "fontWeight": 700,
      "lineHeight": "96px",
    },
    "title2": Object {
      "fontSize": "64px",
      "fontWeight": 700,
      "lineHeight": "80px",
    },
    "title3": Object {
      "fontSize": "52px",
      "fontWeight": 700,
      "lineHeight": "64px",
    },
  },
}
`;
