// Jest Snapshot v1, https://goo.gl/fbAQLP

exports[`IconButton renders without props 1`] = `
.c0 {
  -webkit-font-smoothing: antialiased;
  display: inline-block;
  vertical-align: middle;
  text-align: center;
  -webkit-text-decoration: none;
  text-decoration: none;
  font-family: inherit;
  font-weight: 600;
  line-height: 1.5;
  cursor: pointer;
  border-radius: 2px;
  border-width: 0;
  border-style: solid;
  font-size: 14px;
  padding: 9.5px 18px;
  padding: 0;
  background-color: transparent;
  color: inherit;
}

.c0:disabled {
  cursor: not-allowed;
  color: #4f6f8f;
  background-color: #edf0f3;
}

.c0:hover {
  background-color: transparent;
  color: inherit;
}

.c0 > div {
  display: -webkit-box;
  display: -webkit-flex;
  display: -ms-flexbox;
  display: flex;
}

<button
  className="c0"
  name="Key"
>
  <div />
</button>
`;
