// Jest Snapshot v1, https://goo.gl/fbAQLP

exports[`Autocomplete renders 1`] = `
.c2 {
  margin-top: 4px;
  background-color: #fff;
  box-shadow: 0 0 2px 0 rgba(0,0,0,.08),0 4px 16px 0 rgba(0,0,0,.16);
  border: 0;
  border-radius: 2px;
}

.c1 {
  -webkit-appearance: none;
  -moz-appearance: none;
  appearance: none;
  display: block;
  width: 100%;
  font-family: inherit;
  color: inherit;
  background-color: transparent;
  border-radius: 2px;
  border-width: 1px;
  border-style: solid;
  border-color: #c0cad5;
  padding-top: 14px;
  padding-bottom: 14px;
  padding-left: 12px;
  padding-right: 12px;
  margin: 0;
  border-color: #c0cad5;
  font-size: 16px;
}

.c1::-webkit-input-placeholder {
  color: #4f6f8f;
}

.c1::-moz-placeholder {
  color: #4f6f8f;
}

.c1:-ms-input-placeholder {
  color: #4f6f8f;
}

.c1::placeholder {
  color: #4f6f8f;
}

.c1::-ms-clear {
  display: none;
}

.c1:focus {
  outline: 0;
  border-color: #007aff;
  box-shadow: 0 0 0 2px #007aff;
}

.c0 {
  font-size: 10px;
  -webkit-letter-spacing: 0.2px;
  -moz-letter-spacing: 0.2px;
  -ms-letter-spacing: 0.2px;
  letter-spacing: 0.2px;
  display: block;
  width: 100%;
  margin: 0;
  color: #4f6f8f;
  font-size: 10px;
  font-weight: 700;
}

@media screen and (min-width:40em) {
  .c1 {
    font-size: 14px;
  }
}

<div
  aria-expanded={false}
  aria-haspopup="listbox"
  aria-labelledby="downshift-0-label"
  aria-owns={null}
  role="combobox"
  style={
    Object {
      "position": "relative",
    }
  }
>
  <label
    className="c0"
    color="border.light"
    fontSize="10px"
    fontWeight="bold"
    htmlFor="downshift-0-input"
    id="downshift-0-label"
  >
    Test
  </label>
  <input
    aria-activedescendant={null}
    aria-autocomplete="list"
    aria-controls={null}
    aria-labelledby="downshift-0-label"
    autoComplete="off"
    className="c1"
    fontSize={
      Array [
        2,
        null,
        1,
      ]
    }
    id="downshift-0-input"
    onBlur={[Function]}
    onChange={[Function]}
    onKeyDown={[Function]}
    value=""
  />
  <div
    aria-labelledby="downshift-0-label"
    className="c2 kLcFgh"
    height="256px"
    id="downshift-0-menu"
    role="listbox"
  />
</div>
`;
